[{"title":"Chapter 1","offset":"PT3M43.306S"},{"title":"Chapter 2","offset":"PT7M27.512S"},{"title":"Chapter 2, part 1","offset":"PT10M45.38S"},{"title":"Chapter 3","offset":"PT18M50.704S"},{"title":"Chapter 3, part 1","offset":"PT20M58.38S"}]